TLC2 Version 2.19 of 08 August 2024 (rev: 5a47802)
Running breadth-first search Model-Checking with fp 18 and seed 5828450651162387186 with 1 worker on 12 cores with 8148MB heap and 64MB offheap memory [pid: 30740] (Windows 11 10.0 amd64, Eclipse Adoptium 21.0.11 x86_64, MSBDiskFPSet, DiskStateQueue).
Parsing file C:\Users\Lemes\Downloads\sasc-v34.8--__-real-implementation-engine\arkhe-monorepo\bloco_1000\evidencia\ArkheCoherenceLedger.tla
Parsing file C:\Users\Lemes\AppData\Local\Temp\Naturals.tla
Parsing file C:\Users\Lemes\AppData\Local\Temp\Sequences.tla
Semantic processing of module Naturals
Semantic processing of module Sequences
Semantic processing of module ArkheCoherenceLedger
Starting... (2026-09-06 22:58:54)
Implied-temporal checking--satisfiability problem has 1 branches.
Computing initial states...
Finished computing initial states: 1 distinct state generated at 2026-09-06 22:58:54.
Progress(5) at 2026-09-06 22:58:54: 202 states generated, 121 distinct states found, 0 states left on queue.
Checking temporal properties for the complete state space with 121 total distinct states at (2026-09-06 22:58:54)
Finished checking temporal properties in 00s at 2026-09-06 22:58:54
Model checking completed. No error has been found.
  Estimates of the probability that TLC did not check all reachable states
  because two distinct states had the same fingerprint:
  calculated (optimistic):  val = 5.3E-16
202 states generated, 121 distinct states found, 0 states left on queue.
The depth of the complete state graph search is 5.
The average outdegree of the complete state graph is 1 (minimum is 0, the maximum 3 and the 95th percentile is 3).
Finished in 00s at (2026-09-06 22:58:54)
